device=cuda  seed=1
  hw       X(13474, 6, 2000)  정상 4867 / 환자 8607  피험자 61명  (1인당 최소 82 / 중앙 163 / 최대 801)

SharedPatchTST  d_model=64 · 1층 · 모달 1개
  공유 인코더           33,472  (82.2%)
  hw       전용          7,246   (채널 6 · 패치 100/50 → 토큰 39개)
  합계                   40,718

fold별 클래스 분포 [정상, 환자]
  hw     fold 0  train [2782, 4804]  test [1639, 2841]
  hw     fold 1  train [2723, 5098]  test [1743, 2732]
  hw     fold 2  train [3008, 5338]  test [1485, 3034]

3-fold 학습 시작 (pair-mode=longest, 최대 15 epoch)

[fold 1/3]  7 epoch (best 2)
    hw     윈도우 0.624   피험자 hard 0.650 / soft 0.650   AUC 0.750
[fold 2/3]  12 epoch (best 7)
    hw     윈도우 0.829   피험자 hard 0.850 / soft 0.850   AUC 0.903
[fold 3/3]  7 epoch (best 2)
    hw     윈도우 0.746   피험자 hard 0.857 / soft 0.857   AUC 0.840
  확률 저장: probs_hw_run_R0_L1_s1.npz  (test 13474 / val 3195, val 중복 712)

모달                윈도우acc          피험자 hard          피험자 soft             AUC
hw         0.733 ± 0.084     0.786 ± 0.096     0.786 ± 0.096   0.831 ± 0.063

수치 저장: results/run_R0_L1_s1.csv
  ⚠️ 피험자가 가장 적은 모달이 61명 → 1명 ≈ 1.6%p. 단일 seed·개별 fold는 과대해석 금지.
  ⚠️ 같은 설정(d64/L1)으로 돌린 단독 모델과만 비교할 것. 설정이 다르면 공유 효과와 설정 효과가 섞인다.
/content/Shared-Parkinson/models/shared_patchtst.py:88: UserWarning: enable_nested_tensor is True, but self.use_nested_tensor is False because encoder_layer.norm_first was True
  self.encoder = nn.TransformerEncoder(encoder_layer, num_layers=n_layers)
/content/Shared-Parkinson/models/shared_patchtst.py:88: UserWarning: enable_nested_tensor is True, but self.use_nested_tensor is False because encoder_layer.norm_first was True
  self.encoder = nn.TransformerEncoder(encoder_layer, num_layers=n_layers)
/content/Shared-Parkinson/models/shared_patchtst.py:88: UserWarning: enable_nested_tensor is True, but self.use_nested_tensor is False because encoder_layer.norm_first was True
  self.encoder = nn.TransformerEncoder(encoder_layer, num_layers=n_layers)
/content/Shared-Parkinson/models/shared_patchtst.py:88: UserWarning: enable_nested_tensor is True, but self.use_nested_tensor is False because encoder_layer.norm_first was True
  self.encoder = nn.TransformerEncoder(encoder_layer, num_layers=n_layers)
