device=cuda  seed=7
  hw       X(10339, 6, 2000)  정상 2409 / 환자 7930  피험자 41명  (1인당 최소 97 / 중앙 191 / 최대 801)

SharedPatchTST  d_model=64 · 1층 · 모달 1개
  공유 인코더           33,472  (82.2%)
  hw       전용          7,246   (채널 6 · 패치 100/50 → 토큰 39개)
  합계                   40,718

fold별 클래스 분포 [정상, 환자]
  hw     fold 0  train [967, 5430]  test [976, 2500]
  hw     fold 1  train [1347, 5139]  test [691, 2791]
  hw     fold 2  train [1069, 5291]  test [742, 2639]

3-fold 학습 시작 (pair-mode=longest, 최대 15 epoch)

[fold 1/3]  13 epoch (best 8)
    hw     윈도우 0.721   피험자 hard 0.786 / soft 0.714   AUC 0.887
[fold 2/3]  6 epoch (best 1)
    hw     윈도우 0.804   피험자 hard 0.786 / soft 0.786   AUC 0.852
[fold 3/3]  7 epoch (best 2)
    hw     윈도우 0.664   피험자 hard 0.846 / soft 0.846   AUC 0.756
  확률 저장: probs_hw_run_R5_L1_s7.npz  (test 10339 / val 1435, val 중복 134)

모달                윈도우acc          피험자 hard          피험자 soft             AUC
hw         0.730 ± 0.058     0.806 ± 0.028     0.782 ± 0.054   0.832 ± 0.055

수치 저장: results/run_R5_L1_s7.csv
  ⚠️ 피험자가 가장 적은 모달이 41명 → 1명 ≈ 2.4%p. 단일 seed·개별 fold는 과대해석 금지.
  ⚠️ 같은 설정(d64/L1)으로 돌린 단독 모델과만 비교할 것. 설정이 다르면 공유 효과와 설정 효과가 섞인다.
/content/Shared-Parkinson/models/shared_patchtst.py:88: UserWarning: enable_nested_tensor is True, but self.use_nested_tensor is False because encoder_layer.norm_first was True
  self.encoder = nn.TransformerEncoder(encoder_layer, num_layers=n_layers)
/content/Shared-Parkinson/models/shared_patchtst.py:88: UserWarning: enable_nested_tensor is True, but self.use_nested_tensor is False because encoder_layer.norm_first was True
  self.encoder = nn.TransformerEncoder(encoder_layer, num_layers=n_layers)
/content/Shared-Parkinson/models/shared_patchtst.py:88: UserWarning: enable_nested_tensor is True, but self.use_nested_tensor is False because encoder_layer.norm_first was True
  self.encoder = nn.TransformerEncoder(encoder_layer, num_layers=n_layers)
/content/Shared-Parkinson/models/shared_patchtst.py:88: UserWarning: enable_nested_tensor is True, but self.use_nested_tensor is False because encoder_layer.norm_first was True
  self.encoder = nn.TransformerEncoder(encoder_layer, num_layers=n_layers)
