device=cuda  seed=1
  hw       X(10339, 6, 2000)  정상 2409 / 환자 7930  피험자 41명  (1인당 최소 97 / 중앙 191 / 최대 801)

SharedPatchTST  d_model=64 · 1층 · 모달 1개
  공유 인코더           33,472  (82.2%)
  hw       전용          7,246   (채널 6 · 패치 100/50 → 토큰 39개)
  합계                   40,718

fold별 클래스 분포 [정상, 환자]
  hw     fold 0  train [1433, 4602]  test [976, 2500]
  hw     fold 1  train [1718, 4565]  test [691, 2791]
  hw     fold 2  train [1667, 4554]  test [742, 2639]

3-fold 학습 시작 (pair-mode=longest, 최대 15 epoch)

[fold 1/3]  8 epoch (best 3)
    hw     윈도우 0.746   피험자 hard 0.786 / soft 0.786   AUC 0.833
[fold 2/3]  10 epoch (best 5)
    hw     윈도우 0.861   피험자 hard 0.857 / soft 0.857   AUC 0.875
[fold 3/3]  8 epoch (best 3)
    hw     윈도우 0.698   피험자 hard 0.846 / soft 0.846   AUC 0.755
  확률 저장: probs_hw_run_R5_L1_s1.npz  (test 10339 / val 2139, val 중복 118)

모달                윈도우acc          피험자 hard          피험자 soft             AUC
hw         0.769 ± 0.068     0.830 ± 0.031     0.830 ± 0.031   0.821 ± 0.050

수치 저장: results/run_R5_L1_s1.csv
  ⚠️ 피험자가 가장 적은 모달이 41명 → 1명 ≈ 2.4%p. 단일 seed·개별 fold는 과대해석 금지.
  ⚠️ 같은 설정(d64/L1)으로 돌린 단독 모델과만 비교할 것. 설정이 다르면 공유 효과와 설정 효과가 섞인다.
/content/Shared-Parkinson/models/shared_patchtst.py:88: UserWarning: enable_nested_tensor is True, but self.use_nested_tensor is False because encoder_layer.norm_first was True
  self.encoder = nn.TransformerEncoder(encoder_layer, num_layers=n_layers)
/content/Shared-Parkinson/models/shared_patchtst.py:88: UserWarning: enable_nested_tensor is True, but self.use_nested_tensor is False because encoder_layer.norm_first was True
  self.encoder = nn.TransformerEncoder(encoder_layer, num_layers=n_layers)
/content/Shared-Parkinson/models/shared_patchtst.py:88: UserWarning: enable_nested_tensor is True, but self.use_nested_tensor is False because encoder_layer.norm_first was True
  self.encoder = nn.TransformerEncoder(encoder_layer, num_layers=n_layers)
/content/Shared-Parkinson/models/shared_patchtst.py:88: UserWarning: enable_nested_tensor is True, but self.use_nested_tensor is False because encoder_layer.norm_first was True
  self.encoder = nn.TransformerEncoder(encoder_layer, num_layers=n_layers)
