device=cuda  seed=42
  hw       X(10339, 6, 2000)  정상 2409 / 환자 7930  피험자 41명  (1인당 최소 97 / 중앙 191 / 최대 801)

SharedPatchTST  d_model=64 · 1층 · 모달 1개
  공유 인코더           33,472  (82.2%)
  hw       전용          7,246   (채널 6 · 패치 100/50 → 토큰 39개)
  합계                   40,718

fold별 클래스 분포 [정상, 환자]
  hw     fold 0  train [1214, 4640]  test [976, 2500]
  hw     fold 1  train [1468, 4996]  test [691, 2791]
  hw     fold 2  train [1353, 5007]  test [742, 2639]

3-fold 학습 시작 (pair-mode=longest, 최대 15 epoch)

[fold 1/3]  13 epoch (best 8)
    hw     윈도우 0.779   피험자 hard 0.786 / soft 0.786   AUC 0.883
[fold 2/3]  6 epoch (best 1)
    hw     윈도우 0.770   피험자 hard 0.786 / soft 0.786   AUC 0.843
[fold 3/3]  15 epoch (best 15)
    hw     윈도우 0.652   피험자 hard 0.769 / soft 0.769   AUC 0.715
  확률 저장: probs_hw_run_R5_L1_s42.npz  (test 10339 / val 2000, val 중복 110)

모달                윈도우acc          피험자 hard          피험자 soft             AUC
hw         0.734 ± 0.058     0.780 ± 0.008     0.780 ± 0.008   0.813 ± 0.072

수치 저장: results/run_R5_L1_s42.csv
  ⚠️ 피험자가 가장 적은 모달이 41명 → 1명 ≈ 2.4%p. 단일 seed·개별 fold는 과대해석 금지.
  ⚠️ 같은 설정(d64/L1)으로 돌린 단독 모델과만 비교할 것. 설정이 다르면 공유 효과와 설정 효과가 섞인다.
/content/Shared-Parkinson/models/shared_patchtst.py:88: UserWarning: enable_nested_tensor is True, but self.use_nested_tensor is False because encoder_layer.norm_first was True
  self.encoder = nn.TransformerEncoder(encoder_layer, num_layers=n_layers)
/content/Shared-Parkinson/models/shared_patchtst.py:88: UserWarning: enable_nested_tensor is True, but self.use_nested_tensor is False because encoder_layer.norm_first was True
  self.encoder = nn.TransformerEncoder(encoder_layer, num_layers=n_layers)
/content/Shared-Parkinson/models/shared_patchtst.py:88: UserWarning: enable_nested_tensor is True, but self.use_nested_tensor is False because encoder_layer.norm_first was True
  self.encoder = nn.TransformerEncoder(encoder_layer, num_layers=n_layers)
/content/Shared-Parkinson/models/shared_patchtst.py:88: UserWarning: enable_nested_tensor is True, but self.use_nested_tensor is False because encoder_layer.norm_first was True
  self.encoder = nn.TransformerEncoder(encoder_layer, num_layers=n_layers)
